peanut_gb.h:511:6:gb_tick_rtc	16	static
peanut_gb.h:547:6:gb_set_rtc	16	static
peanut_gb.h:559:9:__gb_read	16	static
peanut_gb.h:735:6:__gb_write	40	static
peanut_gb.h:1030:9:__gb_execute_cb	32	static
peanut_gb.h:1232:12:compare_sprites	32	static
peanut_gb.h:1243:6:__gb_draw_line	304	static
peanut_gb.h:1559:6:__gb_step_cpu	200	static
peanut_gb.h:3617:6:gb_run_frame	16	static
peanut_gb.h:3628:15:gb_get_save_size	56	static
peanut_gb.h:3645:6:gb_init_serial	24	static
peanut_gb.h:3654:9:gb_colour_hash	24	static
peanut_gb.h:3670:6:gb_reset	16	static
peanut_gb.h:3731:22:gb_init	136	static
peanut_gb.h:3818:13:gb_get_rom_name	32	static
peanut_gb.h:3843:6:gb_init_lcd	16	static
emulator_hooks.c:19:16:Hook_ReadRom	24	static
emulator_hooks.c:25:16:Hook_ReadCartridgeRam	24	static
emulator_hooks.c:31:6:Hook_WriteCartridgeRam	32	static
emulator_hooks.c:37:6:Hook_ReportEmulationError	16	static
emulator_hooks.c:60:6:Hook_DrawDisplayLine	32	static
emulator_hooks.c:72:6:auto_assign_palette	296	static
emulator_hooks.c:242:6:StartEmulator	63136	static
